[step-test] 1=1/2/3 pulses  2=independent rates  3=100 kHz x3  4=profile
[step-test] 5=abort continuous  6=late IRQ  7=underrun  8=wrap (~7m15s)
[step-test] 9=run cases 1..7  h=help; enter one command then Enter
[step-test] c=TIM2 clock versus RTC crystal (~31 s, no STEP pulses)
[step-test] EN_N remains HIGH and DIR LOW. PASS checks software; verify waveforms separately.
[step-test] READY for command
[step-test] CASE 1: arm the analyzer; starting in 2 seconds; B1 aborts
[step-test] PASS case=1 state=Completed exact=1 counts=1,2,3 callbacks=1 guard_stopped=0
[step-test] CASE 2: arm the analyzer; starting in 2 seconds; B1 aborts
[step-test] PASS case=2 state=Completed exact=1 counts=1000,1500,2000 callbacks=34 guard_stopped=0
[step-test] CASE 3: arm the analyzer; starting in 2 seconds; B1 aborts
[step-test] PASS case=3 state=Completed exact=1 counts=100000,100000,100000 callbacks=1564 guard_stopped=0
[step-test] CASE 4: arm the analyzer; starting in 2 seconds; B1 aborts
[step-test] PASS case=4 state=Completed exact=1 counts=1024,1024,1024 callbacks=8 guard_stopped=0
[step-test] CASE 5: arm the analyzer; starting in 2 seconds; B1 aborts
[step-test] PASS case=5 state=Stopped exact=1 counts=995,498,249 callbacks=12 guard_stopped=0
[step-test] CASE 6: arm the analyzer; starting in 2 seconds; B1 aborts
[step-test] PASS case=6 state=Completed exact=1 counts=1000,1000,1000 callbacks=23 guard_stopped=0
[step-test] CASE 7: arm the analyzer; starting in 2 seconds; B1 aborts
[step-test] PASS case=7 state=Underrun exact=1 counts=512,256,128 callbacks=1 guard_stopped=1
[step-test] SUITE PASS (cases 1..7; wrap is separate)
[step-test] READY for command
