Open On-Chip Debugger 0.12.0-01004-g9ea7f3d64-dirty (2026-08-27-22:55)
Licensed under GNU GPL v2
For bug reports, read
	http://openocd.org/doc/doxygen/bugs.html
Info : auto-selecting first available session transport "hla_swd". To override use 'transport select <transport>'.
Info : The selected transport took over low-level target control. The results might differ compared to plain JTAG/SWD
Info : clock speed 1800 kHz
Info : STLINK V3J16M9 (API v3) VID:PID 0483:374E
Info : Target voltage: 3.279840
Info : [stm32h7x.cpu0] Cortex-M7 r1p1 processor detected
Info : [stm32h7x.cpu0] target has 8 breakpoints, 4 watchpoints
Info : starting gdb server for stm32h7x.cpu0 on 3333
Info : Listening on port 3333 for gdb connections
[stm32h7x.cpu0] halted due to debug-request, current mode: Thread 
xPSR: 0x01000000 pc: 0x08001d78 msp: 0x20020000
Info : Unable to match requested speed 4000 kHz, using 3300 kHz
Info : Unable to match requested speed 4000 kHz, using 3300 kHz
** Programming Started **
Info : Device: STM32H74x/75x
Info : flash size probed value 2048k
Info : STM32H7 flash has dual banks
Info : Bank (0) size is 1024 kb, base address is 0x08000000
Info : Padding image section 1 at 0x0802ec04 with 28 bytes (bank write end alignment)
Warn : Adding extra erase range, 0x0802ec20 .. 0x0803ffff
** Programming Finished **
** Verify Started **
** Verified OK **
** Resetting Target **
shutdown command invoked
