Open On-Chip Debugger 0.12.0-01004-g9ea7f3d64-dirty (2026-08-27-22:55)
Licensed under GNU GPL v2
For bug reports, read
	http://openocd.org/doc/doxygen/bugs.html
swd
adapter speed: 1000 kHz

Info : CMSIS-DAP: SWD supported
Info : CMSIS-DAP: JTAG supported
Info : CMSIS-DAP: FW Version = 1.0
Info : CMSIS-DAP: Serial# = J42700063820
Info : CMSIS-DAP: Interface Initialised (SWD)
Info : SWCLK/TCK = 1 SWDIO/TMS = 1 TDI = 1 TDO = 1 nTRST = 0 nRESET = 1
Info : CMSIS-DAP: Interface ready
Info : clock speed 1000 kHz
Info : SWD DPIDR 0x2ba01477
Info : [atsame5.cpu] Cortex-M4 r0p1 processor detected
Info : [atsame5.cpu] target has 6 breakpoints, 4 watchpoints
Info : gdb port disabled
DSU_DID=0x61830355
DSU_STATUSB=0x12
NVMCTRL_STATUS=0x0f11
Info : SAM MCU: LAN9255/ZMX020 (1024KB Flash, 256KB RAM)
Reading flash.bin: backup
Reading user-page.bin: backup
Reading factory-calibration.bin: backup
Reading temperature-log.bin: backup
Reading flash.bin: independent verification read
Reading user-page.bin: independent verification read
Reading factory-calibration.bin: independent verification read
Reading temperature-log.bin: independent verification read
Both reads finished; flash and configuration were not written.
shutdown command invoked
Open On-Chip Debugger 0.12.0-01004-g9ea7f3d64-dirty (2026-08-27-22:55)
Licensed under GNU GPL v2
For bug reports, read
	http://openocd.org/doc/doxygen/bugs.html
swd
adapter speed: 1000 kHz

embedded:startup.tcl:28: Error: Can't find /tmp/protomate-sam-backup-97nnwk_v/calibration.cfg
Traceback (most recent call last):
  File "embedded:startup.tcl", line 28, in script
    find /tmp/protomate-sam-backup-97nnwk_v/calibration.cfg
